// Jest Snapshot v1, https://goo.gl/fbAQLP

exports[`<Col /> should match snapshot 1`] = `
.c0 {
  -webkit-order: default;
  -ms-flex-order: default;
  order: default;
  -webkit-flex: 0 1 auto;
  -ms-flex: 0 1 auto;
  flex: 0 1 auto;
  padding: 1em;
  -webkit-align-self: auto;
  -ms-flex-item-align: auto;
  align-self: auto;
}

<div
  className="c0"
/>
`;
